Loading catalog...
Loading catalog from C:\Users\jg153\OneDrive\Documentos\dev\PictoLink\nlp_backend\..\data\embeddings\meta.jsonl...
Loaded 13686 pictograms.
Warning: sentence-transformers or faiss not installed. Semantic search disabled.
Loading SpaCy model 'es_core_news_sm'...
SpaCy model loaded.

Testing: 'bajar las escaleras' (Exact phrase match)
Phrase match found: 'bajar las escaleras' -> 'bajar las escaleras'
Result count: 1
Labels: ['bajar las escaleras']
PASS: Count matches

Testing: 'quiero comer' (Verb conjugation (quiero -> querer))
Phrase match found: 'comer' -> 'comer'
Result count: 2
Labels: ['querer', 'comer']
PASS: Count matches

Testing: 'el perro' (Stopword filtering (el perro))
Phrase match found: 'el' -> 'Úl'
Phrase match found: 'perro' -> 'perro'
Result count: 2
Labels: ['Úl', 'perro']
WARN: Count mismatch (Expected 1, got 2)
PASS: Found 'perro'

Testing: 'lavarse los dientes' (Reflexive phrase)
Reflexive match: 'lavarse' -> 'lavar'
Phrase match found: 'los' -> 'los'
Phrase match found: 'dientes' -> 'dientes'
Result count: 4
Labels: ['lavar', 'Úl', 'los', 'dientes']
WARN: Count mismatch (Expected 1, got 4)

Testing: 'me lavo los dientes' (Conjugated reflexive phrase)
Fuzzy match: 'lavo' -> 'clavo' (score: 89)
Fuzzy match: 'lavo' -> 'lavabo' (score: 80)
Fuzzy match: 'lavo' -> 'clavos' (score: 80)
Phrase match found: 'los' -> 'los'
Phrase match found: 'dientes' -> 'dientes'
Result count: 4
Labels: ['yo', 'clavo', 'los', 'dientes']
WARN: Count mismatch (Expected 1, got 4)
